// Jest Snapshot v1, https://goo.gl/fbAQLP

exports[`Renders Popular Movies 1`] = `
<div
  className="nothing"
>
  <div
    className="loading d-flex justify-content-center align-items-center"
  >
    <div
      className="spinner-grow text-warning"
      role="status"
    >
      <span
        className="sr-only"
      >
        Loading...
      </span>
    </div>
  </div>
</div>
`;
